Sat May 24 18:00:41 2025       
+-----------------------------------------------------------------------------------------+
| NVIDIA-SMI 570.133.20             Driver Version: 570.133.20     CUDA Version: 12.8     |
|-----------------------------------------+------------------------+----------------------+
| GPU  Name                 Persistence-M | Bus-Id          Disp.A | Volatile Uncorr. ECC |
| Fan  Temp   Perf          Pwr:Usage/Cap |           Memory-Usage | GPU-Util  Compute M. |
|                                         |                        |               MIG M. |
|=========================================+========================+======================|
|   0  NVIDIA GeForce RTX 4090        On  |   00000000:A1:00.0 Off |                  Off |
|  0%   32C    P8             19W /  450W |       1MiB /  24564MiB |      0%      Default |
|                                         |                        |                  N/A |
+-----------------------------------------+------------------------+----------------------+
                                                                                         
+-----------------------------------------------------------------------------------------+
| Processes:                                                                              |
|  GPU   GI   CI              PID   Type   Process name                        GPU Memory |
|        ID   ID                                                               Usage      |
|=========================================================================================|
|  No running processes found                                                             |
+-----------------------------------------------------------------------------------------+
Warning, cannot find cuda-compiled version of RoPE2D, using a slow pytorch version instead
[36mSaving outputs to /cluster/home/yihuli/MV-NoPoSplat/outputs/exp_re10k/2025-05-24_18-00-50.[39m
GPU available: True (cuda), used: True
TPU available: False, using: 0 TPU cores
HPU available: False, using: 0 HPUs
unexpected_keys:  []
Setting up [LPIPS] perceptual loss: trunk [vgg], v[0.1], spatial [off]
[2025-05-24 18:01:10,727][py.warnings][WARNING] - /cluster/project/cvg/students/mv-nopo/noposplat-env/lib/python3.10/site-packages/torchvision/models/_utils.py:208: UserWarning: The parameter 'pretrained' is deprecated since 0.13 and may be removed in the future, please use 'weights' instead.
  warnings.warn(

[2025-05-24 18:01:10,728][py.warnings][WARNING] - /cluster/project/cvg/students/mv-nopo/noposplat-env/lib/python3.10/site-packages/torchvision/models/_utils.py:223: UserWarning: Arguments other than a weight enum or `None` for 'weights' are deprecated since 0.13 and may be removed in the future. The current behavior is equivalent to passing `weights=VGG16_Weights.IMAGENET1K_V1`. You can also use `weights=VGG16_Weights.DEFAULT` to get the most up-to-date weights.
  warnings.warn(msg)

wandb: Using wandb-core as the SDK backend.  Please refer to https://wandb.me/wandb-core for more information.
wandb: Currently logged in as: yihua-li (yihua-li-uzh) to https://api.wandb.ai. Use `wandb login --relogin` to force relogin
wandb: Tracking run with wandb version 0.19.8
wandb: Run data is saved locally in /cluster/home/yihuli/MV-NoPoSplat/outputs/exp_re10k/2025-05-24_18-00-50/wandb/run-20250524_180113-wkq173ms
wandb: Run `wandb offline` to turn off syncing.
wandb: Syncing run re10k (exp_re10k/2025-05-24_18-00-50)
wandb: ⭐️ View project at https://wandb.ai/yihua-li-uzh/noposplat
wandb: 🚀 View run at https://wandb.ai/yihua-li-uzh/noposplat/runs/wkq173ms
LOCAL_RANK: 0 - CUDA_VISIBLE_DEVICES: [0]

  | Name           | Type                 | Params | Mode 
----------------------------------------------------------------
0 | encoder        | EncoderNoPoSplat     | 689 M  | train
1 | decoder        | DecoderSplattingCUDA | 0      | train
2 | losses         | ModuleList           | 0      | train
3 | distiller      | Dust3R               | 0      | eval 
4 | distiller_loss | Regr3D               | 0      | train
----------------------------------------------------------------
689 M     Trainable params
0         Non-trainable params
689 M     Total params
2,756.262 Total estimated model params size (MB)
1091      Modules in train mode
1180      Modules in eval mode
SLURM auto-requeueing enabled. Setting signal handlers.
Loading model from: /cluster/project/cvg/students/mv-nopo/noposplat-env/lib/python3.10/site-packages/lpips/weights/v0.1/vgg.pth
validation step 0; scene = ['306e2b7785657539']; context = [[48, 73]]
[2025-05-24 18:01:17,174][py.warnings][WARNING] - /cluster/project/cvg/students/mv-nopo/noposplat-env/lib/python3.10/site-packages/torch/nn/modules/conv.py:456: UserWarning: Applied workaround for CuDNN issue, install nvrtc.so (Triggered internally at ../aten/src/ATen/native/cudnn/Conv_v8.cpp:80.)
  return F.conv2d(input, weight, bias, self.stride,

[2025-05-24 18:01:17,848][py.warnings][WARNING] - /cluster/project/cvg/students/mv-nopo/noposplat-env/lib/python3.10/site-packages/lightning/pytorch/utilities/data.py:79: Trying to infer the `batch_size` from an ambiguous collection. The batch size we found is 1. To avoid any miscalculations, use `self.log(..., batch_size=batch_size)`.

Setting up [LPIPS] perceptual loss: trunk [vgg], v[0.1], spatial [off]
[2025-05-24 18:01:17,849][py.warnings][WARNING] - /cluster/project/cvg/students/mv-nopo/noposplat-env/lib/python3.10/site-packages/torchvision/models/_utils.py:208: UserWarning: The parameter 'pretrained' is deprecated since 0.13 and may be removed in the future, please use 'weights' instead.
  warnings.warn(

[2025-05-24 18:01:17,850][py.warnings][WARNING] - /cluster/project/cvg/students/mv-nopo/noposplat-env/lib/python3.10/site-packages/torchvision/models/_utils.py:223: UserWarning: Arguments other than a weight enum or `None` for 'weights' are deprecated since 0.13 and may be removed in the future. The current behavior is equivalent to passing `weights=VGG16_Weights.IMAGENET1K_V1`. You can also use `weights=VGG16_Weights.DEFAULT` to get the most up-to-date weights.
  warnings.warn(msg)

Loading model from: /cluster/project/cvg/students/mv-nopo/noposplat-env/lib/python3.10/site-packages/lpips/weights/v0.1/vgg.pth
[2025-05-24 18:01:19,910][py.warnings][WARNING] - /cluster/project/cvg/students/mv-nopo/noposplat-env/lib/python3.10/site-packages/torch/utils/data/dataloader.py:557: UserWarning: This DataLoader will create 6 worker processes in total. Our suggested max number of worker in current system is 1, which is smaller than what this DataLoader is going to create. Please be aware that excessive worker creation might get DataLoader running slow or even freeze, lower the worker number to avoid potential slowness/freeze if necessary.
  warnings.warn(_create_warning_msg(

train step 0; scene = ['0f93fdb52c6933cf', 'a3a5e373d876db0e']; context = [[96, 121], [122, 147]]; loss = 0.347780
train step 10; scene = ['37b468e1f381e86f', '7ba0bb51ce172710']; context = [[141, 166], [165, 190]]; loss = 0.385100
train step 20; scene = ['baf50d5df6dc9369', '19a6008b9f6bdae3']; context = [[38, 63], [131, 156]]; loss = 0.374450
train step 30; scene = ['ae5a3df26e16754e', 'dd41e2ec5e3c45cc']; context = [[28, 53], [44, 69]]; loss = 0.266119
train step 40; scene = ['a6990abb3591ce5a', 'ff83cd13bfb4cb64']; context = [[65, 90], [215, 240]]; loss = 0.377153
train step 50; scene = ['de04b38c9180ede5', '1683c797f3feac29']; context = [[32, 57], [8, 33]]; loss = 0.355306
train step 60; scene = ['c620cf9d6045d520', 'fe5e06cd40924c05']; context = [[6, 31], [27, 52]]; loss = 0.467008
train step 70; scene = ['5ede369220cc16b1', 'dbdcfa52c1ec70d9']; context = [[15, 40], [218, 243]]; loss = 0.322257
train step 80; scene = ['9b26bb403d1d515e', '5a2447dbfc1bdfac']; context = [[81, 106], [82, 107]]; loss = 0.386782
train step 90; scene = ['9b098f8c8192c7ce', 'cacbd0d950fa884e']; context = [[4, 29], [51, 76]]; loss = 0.422595
train step 100; scene = ['ed41e978b59c7dcd', '85b956080085cac5']; context = [[115, 140], [18, 43]]; loss = 0.252309
train step 110; scene = ['b75f3820760d835c', 'db5e3b998bc94027']; context = [[28, 53], [109, 134]]; loss = 0.318945
train step 120; scene = ['985f536c523df714', '4936d5eff92eaf51']; context = [[204, 229], [40, 65]]; loss = 0.407900
train step 130; scene = ['0a8e684a8532d876', 'fd75e5dda8bc0264']; context = [[29, 54], [109, 134]]; loss = 0.230838
train step 140; scene = ['ca1d592f88d47c36', '30952e0d21bf56ca']; context = [[9, 34], [36, 61]]; loss = 0.287512
train step 150; scene = ['5843ed0dde576dbf', '53c264bec7ce0a5b']; context = [[74, 99], [30, 55]]; loss = 0.251356
train step 160; scene = ['44aef7cb631de76b', 'd28ef587fc9dfdca']; context = [[35, 60], [57, 82]]; loss = 0.264896
train step 170; scene = ['21c4e3e47db3ec1b', '012d97c9aa0ae783']; context = [[74, 99], [11, 36]]; loss = 0.395660
train step 180; scene = ['beafcc712b6557c6', '56f36de97a65d213']; context = [[87, 112], [102, 127]]; loss = 0.186415
train step 190; scene = ['bd80a34c8284be79', '080705db9a5d415f']; context = [[40, 65], [106, 131]]; loss = 0.324278
train step 200; scene = ['e3a4f6384d59cebc', '412e820ccb4c295b']; context = [[26, 51], [3, 28]]; loss = 0.322593
train step 210; scene = ['013ec74a4fde6737', 'a56e2c19e91b75a5']; context = [[23, 48], [157, 182]]; loss = 0.183489
train step 220; scene = ['595a7ae35480c8da', 'd2c81de826bac2bd']; context = [[81, 106], [194, 219]]; loss = 0.206236
train step 230; scene = ['b0c722d38ac56892', '87441de91f9dedee']; context = [[121, 146], [21, 46]]; loss = 0.287281
train step 240; scene = ['e919055f68a731c2', '0eb1437262133d78']; context = [[71, 96], [64, 89]]; loss = 0.241339
train step 250; scene = ['795355a4fa068e8e', '99a0790d72e6c2af']; context = [[27, 52], [8, 33]]; loss = 0.310152
train step 260; scene = ['f99b78702c324cf1', '17844a279135ac7e']; context = [[1, 26], [94, 119]]; loss = 0.425156
train step 270; scene = ['b2a6eb70de2ff1fb', '30d76af0e3ee8dfe']; context = [[46, 71], [168, 193]]; loss = 0.275993
train step 280; scene = ['a682d3630b102f34', '5244830b7357365b']; context = [[5, 30], [52, 77]]; loss = 0.222598
train step 290; scene = ['4e760826e7f8249b', 'eb18882d6a87f03b']; context = [[134, 159], [33, 58]]; loss = 0.171313
train step 300; scene = ['e19c6facac1c9624', 'f4cc5be3eb218af5']; context = [[103, 128], [51, 76]]; loss = 0.341322
train step 310; scene = ['8dd25b0a12c6a8f8', '162b5410b9529295']; context = [[3, 28], [33, 58]]; loss = 0.199875
train step 320; scene = ['0a6d080826d442d9', '63f70b8bfa08420f']; context = [[3, 28], [38, 63]]; loss = 0.195041
train step 330; scene = ['924c32f78e96f7b0', 'c5e63a8726d8d66c']; context = [[27, 52], [9, 34]]; loss = 0.162182
train step 340; scene = ['ce2a1c1f5d1dcd1e', '0013a39f3a02b5c3']; context = [[11, 36], [31, 56]]; loss = 0.404155
train step 350; scene = ['0c199c575b699444', '6574856af56d242c']; context = [[28, 53], [17, 42]]; loss = 0.123925
train step 360; scene = ['cad8d99d5938a98a', '3f1a1e582e8c1158']; context = [[166, 191], [4, 29]]; loss = 0.191650
train step 370; scene = ['eebc10a8972de7ee', 'f16461e58448c4a6']; context = [[109, 134], [2, 27]]; loss = 0.169003
train step 380; scene = ['e47e4551589a610a', '3f732b63cdd0729e']; context = [[50, 75], [6, 31]]; loss = 0.113329
train step 390; scene = ['311590a1d4eb0250', 'f0a4dbea41f2d807']; context = [[183, 208], [231, 256]]; loss = 0.191187
train step 400; scene = ['1d2907d54964fabe', '427fa27ba9d98e00']; context = [[49, 74], [16, 41]]; loss = 0.281574
train step 410; scene = ['43947a751e7c8059', 'fa79f3c0a4bd7831']; context = [[23, 48], [94, 119]]; loss = 0.141539
train step 420; scene = ['de1f080af877df76', 'a0da76d51b39f2d1']; context = [[87, 112], [11, 36]]; loss = 0.116643
train step 430; scene = ['3bca29d56784093e', '80fdc99ef1b23262']; context = [[163, 188], [3, 28]]; loss = 0.199575
train step 440; scene = ['d5d88e90c900def8', 'b94110a1578a1606']; context = [[52, 77], [13, 38]]; loss = 0.113842
train step 450; scene = ['35460445a8778406', 'bcfff341d1aff83d']; context = [[180, 205], [34, 59]]; loss = 0.172715
train step 460; scene = ['be61ee74727369e9', '60499200285c9abe']; context = [[43, 68], [19, 44]]; loss = 0.113103
train step 470; scene = ['b3b3f7695bb5ca32', 'c81c3055d4056fde']; context = [[20, 45], [219, 244]]; loss = 0.106868
train step 480; scene = ['cbb08aa58b52b464', 'c4cb1c9fa8a8304b']; context = [[118, 143], [52, 77]]; loss = 0.135100
train step 490; scene = ['901e47c506f0d2c1', '3f209aa0b5e74285']; context = [[66, 91], [10, 35]]; loss = 0.112344
train step 500; scene = ['175e1611df44964f', '97caecafbfa7f1f6']; context = [[176, 201], [4, 29]]; loss = 0.108386
train step 510; scene = ['d31e6aa8b1e23cf1', '96292e5e47cc9fc1']; context = [[13, 38], [37, 62]]; loss = 0.128431
train step 520; scene = ['53bdfb495b390baa', '72a9d8a95167817d']; context = [[67, 92], [21, 46]]; loss = 0.168570
train step 530; scene = ['c83c353973bfa41d', '265941bdd185f866']; context = [[47, 72], [71, 96]]; loss = 0.091046
train step 540; scene = ['560f551228f041d8', '52e0a5e734ad284d']; context = [[176, 201], [167, 192]]; loss = 0.159239
train step 550; scene = ['a58bd21f7b45e7b5', '42f3b9aeb02f45e7']; context = [[53, 78], [17, 42]]; loss = 0.099239
train step 560; scene = ['4af9e23605ed2f5d', '5c7e81ed74cd0615']; context = [[13, 38], [13, 38]]; loss = 0.109209
train step 570; scene = ['327ef8c556cdeb80', 'b91893366309b048']; context = [[27, 52], [14, 39]]; loss = 0.096137
train step 580; scene = ['468e9fdaa3224fce', '4dd9c5fab7e6ec75']; context = [[41, 66], [56, 81]]; loss = 0.105364
train step 590; scene = ['139dd6dc64abdf0d', 'eda5e1134146d5cf']; context = [[59, 84], [0, 25]]; loss = 0.106922
train step 600; scene = ['918e44e4ed0ca4b6', '933455a00b7e0575']; context = [[43, 68], [0, 25]]; loss = 0.132934
train step 610; scene = ['5a0a2d98b056e037', 'aa29ff2f57ff50b6']; context = [[27, 52], [18, 43]]; loss = 0.120812
train step 620; scene = ['6047d6adad773c2d', '9137204ba76b5bfd']; context = [[73, 98], [200, 225]]; loss = 0.117276
train step 630; scene = ['250136a25de84c24', 'b80411109ad427b9']; context = [[141, 166], [67, 92]]; loss = 0.101735
train step 640; scene = ['1fdef796118f642e', 'b953af75bafccce8']; context = [[208, 233], [82, 107]]; loss = 0.106476
train step 650; scene = ['2040195000efda34', '9d73ce3d387b1c91']; context = [[4, 29], [41, 66]]; loss = 0.094357
train step 660; scene = ['f2b4a95d85794e10', 'c1a2f4b74be3af7f']; context = [[114, 139], [39, 64]]; loss = 0.074640
train step 670; scene = ['d325bd35d81548c3', '7c432e25b1a185cc']; context = [[141, 166], [2, 27]]; loss = 0.068111
train step 680; scene = ['e09d600f5a8b0dd8', '58fec96d6e6cfd5e']; context = [[30, 55], [1, 26]]; loss = nan
train step 690; scene = ['03ab8e64ffcaafdd', '16fd029febc69afa']; context = [[16, 41], [32, 57]]; loss = 0.097472
train step 700; scene = ['5c68ac5923e96098', 'edf6636dfd51ba3c']; context = [[32, 57], [3, 28]]; loss = 0.074741
train step 710; scene = ['d4cc5c4887f72d3e', '609d6205bab3f9de']; context = [[96, 121], [57, 82]]; loss = 0.068856
train step 720; scene = ['feb5e3022fdc674f', 'da6a06777bf70381']; context = [[22, 47], [148, 173]]; loss = 0.073874
train step 730; scene = ['9c050a0cbaf7c15c', '7f3747639c846356']; context = [[27, 52], [73, 98]]; loss = 0.094076
train step 740; scene = ['4eeece700a2f060d', 'cb504ee449bf24de']; context = [[52, 77], [19, 44]]; loss = 0.104181
train step 750; scene = ['b1475406087c187a', '3b99f4e212ae3d5f']; context = [[25, 50], [4, 29]]; loss = 0.073604
train step 760; scene = ['27d7650462d5f41e', 'fb286be8ec93b902']; context = [[37, 62], [119, 144]]; loss = 0.074857
train step 770; scene = ['11a50f1b50fcb1e3', 'a1687c09273c771d']; context = [[19, 44], [75, 100]]; loss = 0.088982
train step 780; scene = ['208a59eecd4b555c', '36be66d194d57ec8']; context = [[120, 145], [4, 29]]; loss = 0.123039
train step 790; scene = ['f36462fee32fa428', '0049c83bad21bbdf']; context = [[5, 30], [15, 40]]; loss = 0.094507
train step 800; scene = ['d6fefe45e58fa3d9', '56de1091c01be96c']; context = [[216, 241], [10, 35]]; loss = 0.094977
train step 810; scene = ['2f330103819454c6', 'aa5175d18a929cb8']; context = [[18, 43], [73, 98]]; loss = 0.090377
train step 820; scene = ['58b7ae257fbaf6a8', 'dfc00e500e9b07b5']; context = [[55, 80], [10, 35]]; loss = 0.084494
train step 830; scene = ['738c891192860c9e', '754c5f8506aad9ca']; context = [[52, 77], [8, 33]]; loss = 0.080571
train step 840; scene = ['b4764c8fc2de0f78', 'e0ee3878561a5fed']; context = [[61, 86], [14, 39]]; loss = 0.066930
train step 850; scene = ['41d5e2c76fc98daf', 'c21766bd51fed5bc']; context = [[118, 143], [6, 31]]; loss = 0.083502
train step 860; scene = ['b008df0261874734', '493538f3442cb9fd']; context = [[30, 55], [46, 71]]; loss = 0.092400
train step 870; scene = ['bf4ba2808af7f8bb', 'f1565ae80396cf8f']; context = [[22, 47], [117, 142]]; loss = 0.062545
train step 880; scene = ['28e3c9a4261b68cf', '1a2b1d9e7065035b']; context = [[25, 50], [25, 50]]; loss = 0.090217
train step 890; scene = ['f01d231329f4844a', '2f681eb286f9233d']; context = [[16, 41], [9, 34]]; loss = 0.065607
train step 900; scene = ['3ec1eeba0cc084af', 'b86f88d0d21318cd']; context = [[241, 266], [37, 62]]; loss = 0.099678
train step 910; scene = ['261966d35cb9048d', '1bb8fe74783c5161']; context = [[2, 27], [186, 211]]; loss = 0.075678
train step 920; scene = ['3c3d091f5df7b66a', '8315a16cbe41dad8']; context = [[1, 26], [112, 137]]; loss = 0.076166
train step 930; scene = ['19a7f56ce6cabef4', 'bcef3076b93012b1']; context = [[9, 34], [119, 144]]; loss = 0.068906
train step 940; scene = ['6c5bdea82b1cbf83', '13f7e729c14cd10a']; context = [[56, 81], [97, 122]]; loss = 0.073753
train step 950; scene = ['c57efc4e9e0b3fff', 'e97b09a6783c26ce']; context = [[14, 39], [99, 124]]; loss = 0.063888
train step 960; scene = ['abdfc86976ee11de', 'f6d782005dc5b70f']; context = [[63, 88], [41, 66]]; loss = 0.098787
train step 970; scene = ['24744a1c7767e0f0', '8b91f281b1c3feec']; context = [[49, 74], [23, 48]]; loss = 0.082875
train step 980; scene = ['2d212482d640ed4c', '170c909cf2cb0451']; context = [[97, 122], [56, 81]]; loss = 0.060270
train step 990; scene = ['db24baad7f78f763', '8a6072782b732394']; context = [[16, 41], [0, 25]]; loss = 0.085036
train step 1000; scene = ['87b4a6264698ec22', 'dde473074941ed5f']; context = [[45, 70], [177, 202]]; loss = 0.052129
train step 1010; scene = ['0efe197d25725842', 'c540fde60000698b']; context = [[62, 87], [72, 97]]; loss = 0.095907
train step 1020; scene = ['b7a8199486232125', '30d52bc66d89221d']; context = [[13, 38], [82, 107]]; loss = 0.091666
train step 1030; scene = ['6c10df89a6e8c8c1', 'a5c1c97ecddf796a']; context = [[31, 56], [82, 107]]; loss = 0.074250
train step 1040; scene = ['c9549c302dd8199b', 'a1a1232aaf87f494']; context = [[82, 107], [76, 101]]; loss = 0.068852
train step 1050; scene = ['46e0b48bd2e4a857', 'af4c3213f2d7c811']; context = [[46, 71], [9, 34]]; loss = 0.078365
train step 1060; scene = ['923cf19c6a9b649f', '2cd2aaca2b648073']; context = [[93, 118], [54, 79]]; loss = 0.075431
train step 1070; scene = ['ca35b3630b4f28ec', '717bf560f8a74c28']; context = [[24, 49], [5, 30]]; loss = 0.080029
train step 1080; scene = ['df5695b1d749fefa', '813050433c8b20bd']; context = [[18, 43], [55, 80]]; loss = 0.085640
train step 1090; scene = ['db1bc45bd23844ee', 'bd9213b7a0ca097f']; context = [[28, 53], [139, 164]]; loss = 0.062013
train step 1100; scene = ['67c964e4dc73f102', '412222357402426d']; context = [[118, 143], [57, 82]]; loss = 0.071115
train step 1110; scene = ['0df8d4e3cd5241e6', '0f5392e04bb19f8c']; context = [[12, 37], [186, 211]]; loss = 0.062063
train step 1120; scene = ['59c7874807e993bc', '87246411aabecd27']; context = [[153, 178], [5, 30]]; loss = 0.070741
train step 1130; scene = ['276c268acac9eca8', 'af71d7a4edf61c31']; context = [[40, 65], [99, 124]]; loss = 0.066037
train step 1140; scene = ['8c22464dbf4d6c4e', '1a792e938e678905']; context = [[42, 67], [32, 57]]; loss = 0.073580
train step 1150; scene = ['6c292d2668c5df52', 'e6f0cbedb510bf73']; context = [[26, 51], [89, 114]]; loss = 0.072024
train step 1160; scene = ['7e7eef981c97198b', '0c4e347fdc75dbbe']; context = [[113, 138], [14, 39]]; loss = nan
train step 1170; scene = ['ff8f49bdb17e5050', '616d045c5963ecb2']; context = [[21, 46], [21, 46]]; loss = 0.070607
train step 1180; scene = ['c6bd8d3b3367444f', '256791fc9963d7cb']; context = [[32, 57], [131, 156]]; loss = 0.076721
train step 1190; scene = ['b5ada35c89248568', '7b6731292a087e9a']; context = [[22, 47], [208, 233]]; loss = 0.062424
train step 1200; scene = ['f30398f000a252c0', '9662f49b6a764dfb']; context = [[46, 71], [79, 104]]; loss = 0.062750
train step 1210; scene = ['76a2e535fa91b6d0', '03cbfe24b3fba7ec']; context = [[30, 55], [251, 276]]; loss = 0.056431
train step 1220; scene = ['b18b0e59cc8d6d53', '7a8d8426e0d1c1aa']; context = [[4, 29], [31, 56]]; loss = 0.056618
train step 1230; scene = ['ad2e98d672dde0e8', '534ddfd7e12e4188']; context = [[93, 118], [44, 69]]; loss = 0.093350
train step 1240; scene = ['ec166c975da009fa', '62c11fcd89d1eb0b']; context = [[61, 86], [34, 59]]; loss = 0.076290
train step 1250; scene = ['f8fb4c5f59b50530', '9467c3431e0e586c']; context = [[13, 38], [20, 45]]; loss = 0.048510
train step 1260; scene = ['b617e22319a08f26', 'c67ada3a05b5cac2']; context = [[81, 106], [23, 48]]; loss = 0.057252
train step 1270; scene = ['4272c750989935b9', 'c176654607fd9cce']; context = [[20, 45], [35, 60]]; loss = 0.052692
train step 1280; scene = ['5c264ea5cb7804c5', '15be5925908185f9']; context = [[21, 46], [10, 35]]; loss = 0.055793
train step 1290; scene = ['a176ed5970cfceb3', '1ac1373478877088']; context = [[50, 75], [61, 86]]; loss = 0.064288
train step 1300; scene = ['521545d0559d0f85', '3c1aa6e11ad2bb0c']; context = [[54, 79], [147, 172]]; loss = 0.058965
train step 1310; scene = ['5e8fcb22d403ff9c', 'ee05b13cdf928ba3']; context = [[72, 97], [30, 55]]; loss = 0.070876
train step 1320; scene = ['47cb248959be863f', 'a5b29ff192bc83b2']; context = [[133, 158], [3, 28]]; loss = 0.075903
train step 1330; scene = ['8fe1eeecc6de5af1', '3a2bd2caec480db4']; context = [[45, 70], [56, 81]]; loss = 0.060879
train step 1340; scene = ['4f640c7c51e4ae6b', 'bfc0d31e9c828e4c']; context = [[38, 63], [151, 176]]; loss = 0.080951
train step 1350; scene = ['0a854eeeca6da423', '36d35f3147e02798']; context = [[11, 36], [173, 198]]; loss = 0.063743
train step 1360; scene = ['a35e52a09f508fe6', 'f43d286d12845522']; context = [[14, 39], [91, 116]]; loss = 0.057944
train step 1370; scene = ['694c1768e5e9f5d8', '39f84480b6231105']; context = [[13, 38], [47, 72]]; loss = 0.045681
train step 1380; scene = ['0c7cb5d7206b8f56', 'c53e0b350f04f159']; context = [[249, 274], [64, 89]]; loss = 0.052843
train step 1390; scene = ['73d4487e58b6b6bd', '3101309753e2f063']; context = [[31, 56], [15, 40]]; loss = 0.053659
train step 1400; scene = ['664b592c447448de', 'c26b11aa4b27231b']; context = [[1, 26], [241, 266]]; loss = 0.080540
train step 1410; scene = ['18a0e78ac4572269', '16d832ffbb1e7932']; context = [[159, 184], [36, 61]]; loss = 0.087024
train step 1420; scene = ['1a29b32f5d1a544e', '5efdf7eab8eab687']; context = [[91, 116], [12, 37]]; loss = 0.058583
train step 1430; scene = ['0099afa1d37142f4', '2dc02dcd60cd893f']; context = [[36, 61], [126, 151]]; loss = 0.059447
train step 1440; scene = ['40d0d59dea80c743', '067ffc09a8292608']; context = [[60, 85], [92, 117]]; loss = 0.086055
train step 1450; scene = ['38ded62a41a339cc', '0296e319701adeab']; context = [[45, 70], [44, 69]]; loss = 0.053243
train step 1460; scene = ['792916e996ce2136', '170aa604df3784a0']; context = [[85, 110], [197, 222]]; loss = 0.055913
train step 1470; scene = ['510e05e121226e7c', 'da36186940ee1065']; context = [[5, 30], [13, 38]]; loss = 0.072995
train step 1480; scene = ['019cb5972c83b8b1', '0400ae2f8f9d11a4']; context = [[5, 30], [237, 262]]; loss = 0.067816
train step 1490; scene = ['9095922ae071f31a', '13c1203193cd28c1']; context = [[33, 58], [129, 154]]; loss = 0.085852
train step 1500; scene = ['11a0410061415599', '8a063a94cfe50aa1']; context = [[120, 145], [38, 63]]; loss = 0.064592
train step 1510; scene = ['ba301332e2986b17', '3a63f4b9d1be99b6']; context = [[63, 88], [50, 75]]; loss = 0.049148
train step 1520; scene = ['d81004f6cef35e48', '18f5aa065cd4b02a']; context = [[81, 106], [136, 161]]; loss = 0.055829
train step 1530; scene = ['61d389bddcbd9228', 'f8f81ce73652f17b']; context = [[2, 27], [156, 181]]; loss = 0.062459
train step 1540; scene = ['3828d5672fa97a61', 'a098e1d5715a4f8e']; context = [[5, 30], [6, 31]]; loss = 0.076823
train step 1550; scene = ['3a09916ab94d104a', 'fd1737c9d5f1cb37']; context = [[8, 33], [78, 103]]; loss = 0.047484
train step 1560; scene = ['7c48a30f23ea42c3', '6f9a3dfc789b9a51']; context = [[19, 44], [70, 95]]; loss = 0.053124
train step 1570; scene = ['641d16ca40351a9a', '3ca192a6f7bd3055']; context = [[34, 59], [43, 68]]; loss = 0.061764
train step 1580; scene = ['15ffcb0d0b755cd4', 'e83ecbac7208136a']; context = [[27, 52], [229, 254]]; loss = 0.074535
train step 1590; scene = ['20f26238dcf6585f', '894851ce05febce5']; context = [[23, 48], [63, 88]]; loss = 0.064182
train step 1600; scene = ['7a1a5b280aeed1d1', 'a2f534dd3e493ce8']; context = [[183, 208], [41, 66]]; loss = 0.081794
train step 1610; scene = ['a7957a1e2b7ad909', '4a0f95a3db913b56']; context = [[19, 44], [182, 207]]; loss = 0.046353
train step 1620; scene = ['f7eb7dd4073a1301', 'b8d3bc1a15392e95']; context = [[127, 152], [118, 143]]; loss = 0.060573
train step 1630; scene = ['98fe65e85f1a7b05', '3172fc3016b29bc7']; context = [[82, 107], [26, 51]]; loss = 0.060680
train step 1640; scene = ['b63f74a469ec8316', '9c500c3d949c224e']; context = [[174, 199], [3, 28]]; loss = 0.064447
train step 1650; scene = ['e793aa73b39e0b97', 'b014023dfb2ea9fe']; context = [[178, 203], [219, 244]]; loss = 0.050734
train step 1660; scene = ['4d32322df2d07217', '901d6f8cb3b8db83']; context = [[8, 33], [54, 79]]; loss = 0.059252
train step 1670; scene = ['9846c25ea4dc9cd1', 'd07e2d916d33a212']; context = [[74, 99], [127, 152]]; loss = 0.056742
train step 1680; scene = ['0a94493d6f4cd4be', '66ae84fb53b12759']; context = [[90, 115], [30, 55]]; loss = 0.075564
train step 1690; scene = ['8dcb65a86df04796', 'f7fc315b2c2ab371']; context = [[45, 70], [48, 73]]; loss = 0.054383
train step 1700; scene = ['aa2952a523546771', '7d9622491e2e478d']; context = [[49, 74], [50, 75]]; loss = 0.058901
train step 1710; scene = ['c4daa0de6e41c4d9', 'e3d66ec0999d7a5b']; context = [[29, 54], [5, 30]]; loss = 0.056081
train step 1720; scene = ['95149921755fb6a2', '70b45bbd1147fbf0']; context = [[155, 180], [86, 111]]; loss = 0.050913
train step 1730; scene = ['d5f11c320ee101a1', 'd02327b51b3bad30']; context = [[29, 54], [22, 47]]; loss = 0.051069
train step 1740; scene = ['360253c55aef692f', 'ef29fa8744b856ff']; context = [[6, 31], [14, 39]]; loss = 0.048009
train step 1750; scene = ['8618897f9ed81371', '3b9732c40a25acec']; context = [[20, 45], [52, 77]]; loss = 0.054691
train step 1760; scene = ['0f66c9d3be156d56', 'f26e8a72f69b6153']; context = [[185, 210], [193, 218]]; loss = 0.051656
train step 1770; scene = ['1abf36239905e550', '8ec0a9b3826040ff']; context = [[6, 31], [131, 156]]; loss = 0.082724
train step 1780; scene = ['78b83f9c9174e8cc', 'b7003ac834dc298b']; context = [[143, 168], [32, 57]]; loss = 0.065395
train step 1790; scene = ['bd8103bcb04d32e1', '895fe07be01436f1']; context = [[15, 40], [20, 45]]; loss = 0.047568
train step 1800; scene = ['f5931cc439781222', 'd9046310390dcaf3']; context = [[26, 51], [7, 32]]; loss = 0.050336
train step 1810; scene = ['0f6bd079d46bebe9', 'b7f9c567a87b7c9f']; context = [[84, 109], [77, 102]]; loss = 0.065425
train step 1820; scene = ['039caa34feafb797', 'f5799d1307c6c38e']; context = [[34, 59], [4, 29]]; loss = 0.054504
train step 1830; scene = ['6db959f1787dd868', '9f622f50132c1efe']; context = [[66, 91], [161, 186]]; loss = 0.040753
train step 1840; scene = ['4691807a2eeea596', '737c0cfa31a65787']; context = [[31, 56], [115, 140]]; loss = 0.055535
train step 1850; scene = ['31907a6ebec6ef2e', 'f1d926a3302e8534']; context = [[119, 144], [106, 131]]; loss = 0.048050
train step 1860; scene = ['11e2d9eec65ec014', '0666c63c6c8d6a9b']; context = [[22, 47], [110, 135]]; loss = 0.082293
train step 1870; scene = ['895396d4ceaee46d', '10ebe1515b68ea7b']; context = [[0, 25], [34, 59]]; loss = 0.066273
train step 1880; scene = ['21853a08631ca99a', 'a3c6d1f4685486a9']; context = [[17, 42], [195, 220]]; loss = 0.044549
train step 1890; scene = ['7c1ff645cdd0bddf', 'c365ab51c29c0f47']; context = [[12, 37], [95, 120]]; loss = 0.042423
train step 1900; scene = ['294bfa0dd8a9eada', 'b82e83463bf4475d']; context = [[72, 97], [114, 139]]; loss = 0.048758
train step 1910; scene = ['ce881544bc55711f', '8f4f366720645ea0']; context = [[98, 123], [75, 100]]; loss = 0.053168
train step 1920; scene = ['2fea2eddb904396a', '04f105ada75a23a5']; context = [[113, 138], [26, 51]]; loss = 0.049276
train step 1930; scene = ['237a036ffe6be614', '5ea4cb2ff1498203']; context = [[0, 25], [45, 70]]; loss = nan
train step 1940; scene = ['c66103cf29564bcb', 'f70ae846db4fddda']; context = [[12, 37], [45, 70]]; loss = 0.047753
train step 1950; scene = ['9aa06b976e5ab9a0', '2a7384bdd4ba6392']; context = [[32, 57], [38, 63]]; loss = 0.041750
train step 1960; scene = ['549c40ea8ce3038c', '1a9d2048f2180079']; context = [[26, 51], [32, 57]]; loss = 0.049213
train step 1970; scene = ['0bc6493c5c657689', '2b2764a215bc1d1e']; context = [[13, 38], [132, 157]]; loss = 0.073365
train step 1980; scene = ['11e361b5284ffea7', '6767915b8c05dbf6']; context = [[87, 112], [42, 67]]; loss = 0.059430
train step 1990; scene = ['7c54b9216f866d14', '7f5aa79ec2e823ad']; context = [[56, 81], [18, 43]]; loss = 0.053983
[2025-05-24 18:17:51,060][py.warnings][WARNING] - /cluster/project/cvg/students/mv-nopo/noposplat-env/lib/python3.10/site-packages/torch/optim/lr_scheduler.py:149: UserWarning: The epoch parameter in `scheduler.step()` was not necessary and is being deprecated where possible. Please use `scheduler.step()` to step the scheduler. During the deprecation, if epoch is different from None, the closed form is used instead of the new chainable form, where available. Please open an issue if you are unable to replicate your use case: https://github.com/pytorch/pytorch/issues/new/choose.
  warnings.warn(EPOCH_DEPRECATION_WARNING, UserWarning)

slurmstepd: error: *** JOB 32987072 ON eu-g6-075 CANCELLED AT 2025-05-24T18:21:58 ***
